import java.util.Collections;
import java.util.List;
import java.util.Map;
import java.util.Set;

public class CollectionsEmptyConstants {
    public static void main(String[] args) {
        List<String> collection1 = Collections.emptyList();
        Map<String, String> collection2 = Collections.emptyMap();
        Set<String> collection3 = Collections.emptySet();
    }
}
