import java.io.Serializable;

public class UnusedPrivateField implements Serializable {
    private static final long serialVersionUID = 42L; // Compliant as this field is used in deserialization
    protected double c = 3.14; // Compliant as this field may be used in subclasses
    private static int d = 1; // Compliant as this field is used below

    public int compute(int number) {
        return number * d;
    }
}
