/*
Dead stores in loop headers are tricky :)
 */

public class DeadStoreInLoopHeader {

    int deadAssignmentInInit() {
        int y = 0;
        System.out.println(y);
        for (; ; ) { // Noncompliant
            break;
        }
        y = 10;
        return y;
    }

    int deadAssignmentInUpdate() {
        int y = 0;
        System.out.println(y);
        for (; ;) { // Noncompliant
            break;
        }
        y = 10;
        return y;
    }

    int deadPostIncrementInInit() {
        int y = 0;
        System.out.println(y);
        for (; ; ) { // Noncompliant
            break;
        }
        y = 10;
        return y;
    }

    int deadPostIncrementInUpdate() {
        int y = 0;
        System.out.println(y);
        for (; ;) { // Noncompliant
            break;
        }
        y = 10;
        return y;
    }

    int deadPreIncrementInInit() {
        int y = 0;
        System.out.println(y);
        for (; ; ) { // Noncompliant
            break;
        }
        y = 10;
        return y;
    }

    int deadPreIncrementInUpdate() {
        int y = 0;
        System.out.println(y);
        for (; ;) { // Noncompliant
            break;
        }
        y = 10;
        return y;
    }
}