
// Test for rule s2164

class MathOnFloat {

    float e = 2.71f;
    float pi = 3.14f;
    double c = (double) e * pi;

    // Tests from https://github.com/SonarSource/sonar-java/blob/master/java-checks-test-sources/src/main/java/checks/MathOnFloatCheck.java
    void myMethod() {
        float a = 16777216.0f;
        float b = 1.0f;

        double d1 = ((double) (a)) + b;
        double d2 = ((double) (a)) - b;
        double d3 = ((double) (a)) * b;
        double d4 = ((double) (a)) / b;
        double d5 = ((((double) (a)) / b)) + b;

        double d6 = a + d1;

        double d7 = a + ((double) (a)) / b;

        double d8 = (((double) (a)) + b) + (((double) (e)) * pi);

        int i = 16777216;
        int j = 1;
        int k = i + j;
        System.out.println("[Max time to retrieve connection:"+(a/1000f/1000f)+" ms.");
        System.out.println("[Max time to retrieve connection:"+a/1000f/1000f);
    }

}
